14:20:42 **** Incremental Build of configuration Debug for project phase4_arm_matmul ****
make all 
make --no-print-directory pre-build
a9-linaro-pre-build-step
' '
make --no-print-directory main-build
'Building file: ../src/helloworld.c'
'Invoking: ARM v7 gcc compiler'
arm-none-eabi-gcc -Wall -O0 -g3 -c -fmessage-length=0 -MT"src/helloworld.o" -mcpu=cortex-a9 -mfpu=vfpv3 -mfloat-abi=hard -IC:/Users/019130137/matrix_accel_project/matrix_accel_project/vitis/phase4_arm_matmul_workspace/zybo_platform/export/zybo_platform/sw/zybo_platform/standalone_domain/bspinclude/include -MMD -MP -MF"src/helloworld.d" -MT"src/helloworld.o" -o "src/helloworld.o" "../src/helloworld.c"
'Finished building: ../src/helloworld.c'
' '
'Building file: ../src/platform.c'
'Invoking: ARM v7 gcc compiler'
arm-none-eabi-gcc -Wall -O0 -g3 -c -fmessage-length=0 -MT"src/platform.o" -mcpu=cortex-a9 -mfpu=vfpv3 -mfloat-abi=hard -IC:/Users/019130137/matrix_accel_project/matrix_accel_project/vitis/phase4_arm_matmul_workspace/zybo_platform/export/zybo_platform/sw/zybo_platform/standalone_domain/bspinclude/include -MMD -MP -MF"src/platform.d" -MT"src/platform.o" -o "src/platform.o" "../src/platform.c"
'Finished building: ../src/platform.c'
' '
'Building target: phase4_arm_matmul.elf'
'Invoking: ARM v7 gcc linker'
arm-none-eabi-gcc -mcpu=cortex-a9 -mfpu=vfpv3 -mfloat-abi=hard -Wl,-build-id=none -specs=Xilinx.spec -Wl,-T -Wl,../src/lscript.ld -LC:/Users/019130137/matrix_accel_project/matrix_accel_project/vitis/phase4_arm_matmul_workspace/zybo_platform/export/zybo_platform/sw/zybo_platform/standalone_domain/bsplib/lib -o "phase4_arm_matmul.elf"  ./src/helloworld.o ./src/platform.o   -Wl,--start-group,-lxil,-lgcc,-lc,--end-group
'Finished building target: phase4_arm_matmul.elf'
' '
'Invoking: ARM v7 Print Size'
arm-none-eabi-size phase4_arm_matmul.elf  |tee "phase4_arm_matmul.elf.size"
   text	   data	    bss	    dec	    hex	filename
  52867	   2548	  22640	  78055	  130e7	phase4_arm_matmul.elf
'Finished building: phase4_arm_matmul.elf.size'
' '

14:20:44 Build Finished (took 2s.881ms)

