16:20:43 **** Build of configuration Debug for project phase8-passthroughaccelerator ****
make all 
make --no-print-directory pre-build
a9-linaro-pre-build-step
' '
make --no-print-directory main-build
'Building file: ../src/helloworld.c'
'Invoking: ARM v7 gcc compiler'
arm-none-eabi-gcc -Wall -O0 -g3 -c -fmessage-length=0 -MT"src/helloworld.o" -mcpu=cortex-a9 -mfpu=vfpv3 -mfloat-abi=hard -IC:/Users/019130137/matrix_accel_project/matrix_accel_project/vitis/phase4_arm_matmul_workspace/zybo2/export/zybo2/sw/zybo2/standalone_domain/bspinclude/include -MMD -MP -MF"src/helloworld.d" -MT"src/helloworld.o" -o "src/helloworld.o" "../src/helloworld.c"
'Finished building: ../src/helloworld.c'
' '
'Building file: ../src/platform.c'
'Invoking: ARM v7 gcc compiler'
arm-none-eabi-gcc -Wall -O0 -g3 -c -fmessage-length=0 -MT"src/platform.o" -mcpu=cortex-a9 -mfpu=vfpv3 -mfloat-abi=hard -IC:/Users/019130137/matrix_accel_project/matrix_accel_project/vitis/phase4_arm_matmul_workspace/zybo2/export/zybo2/sw/zybo2/standalone_domain/bspinclude/include -MMD -MP -MF"src/platform.d" -MT"src/platform.o" -o "src/platform.o" "../src/platform.c"
'Finished building: ../src/platform.c'
' '
'Building target: phase8-passthroughaccelerator.elf'
'Invoking: ARM v7 gcc linker'
arm-none-eabi-gcc -mcpu=cortex-a9 -mfpu=vfpv3 -mfloat-abi=hard -Wl,-build-id=none -specs=Xilinx.spec -Wl,-T -Wl,../src/lscript.ld -LC:/Users/019130137/matrix_accel_project/matrix_accel_project/vitis/phase4_arm_matmul_workspace/zybo2/export/zybo2/sw/zybo2/standalone_domain/bsplib/lib -o "phase8-passthroughaccelerator.elf"  ./src/helloworld.o ./src/platform.o   -Wl,--start-group,-lxil,-lgcc,-lc,--end-group
'Finished building target: phase8-passthroughaccelerator.elf'
' '
'Invoking: ARM v7 Print Size'
arm-none-eabi-size phase8-passthroughaccelerator.elf  |tee "phase8-passthroughaccelerator.elf.size"
   text	   data	    bss	    dec	    hex	filename
  34696	   2248	  22800	  59744	   e960	phase8-passthroughaccelerator.elf
'Finished building: phase8-passthroughaccelerator.elf.size'
' '

16:20:46 Build Finished (took 2s.231ms)

