17:00:07 **** Build of configuration Debug for project phase5_AXI_LITE__ ****
make all 
make --no-print-directory pre-build
a9-linaro-pre-build-step
' '
make --no-print-directory main-build
'Building file: ../src/helloworld.c'
'Invoking: ARM v7 gcc compiler'
arm-none-eabi-gcc -Wall -O0 -g3 -c -fmessage-length=0 -MT"src/helloworld.o" -mcpu=cortex-a9 -mfpu=vfpv3 -mfloat-abi=hard -IC:/Users/019130137/matrix_accel_project/matrix_accel_project/vitis/phase4_arm_matmul_workspace/zybo_platform1/export/zybo_platform1/sw/zybo_platform1/standalone_domain/bspinclude/include -MMD -MP -MF"src/helloworld.d" -MT"src/helloworld.o" -o "src/helloworld.o" "../src/helloworld.c"
'Finished building: ../src/helloworld.c'
' '
'Building file: ../src/platform.c'
'Invoking: ARM v7 gcc compiler'
arm-none-eabi-gcc -Wall -O0 -g3 -c -fmessage-length=0 -MT"src/platform.o" -mcpu=cortex-a9 -mfpu=vfpv3 -mfloat-abi=hard -IC:/Users/019130137/matrix_accel_project/matrix_accel_project/vitis/phase4_arm_matmul_workspace/zybo_platform1/export/zybo_platform1/sw/zybo_platform1/standalone_domain/bspinclude/include -MMD -MP -MF"src/platform.d" -MT"src/platform.o" -o "src/platform.o" "../src/platform.c"
'Finished building: ../src/platform.c'
' '
'Building target: phase5_AXI_LITE__.elf'
'Invoking: ARM v7 gcc linker'
arm-none-eabi-gcc -mcpu=cortex-a9 -mfpu=vfpv3 -mfloat-abi=hard -Wl,-build-id=none -specs=Xilinx.spec -Wl,-T -Wl,../src/lscript.ld -LC:/Users/019130137/matrix_accel_project/matrix_accel_project/vitis/phase4_arm_matmul_workspace/zybo_platform1/export/zybo_platform1/sw/zybo_platform1/standalone_domain/bsplib/lib -o "phase5_AXI_LITE__.elf"  ./src/helloworld.o ./src/platform.o   -Wl,--start-group,-lxil,-lgcc,-lc,--end-group
'Finished building target: phase5_AXI_LITE__.elf'
' '
'Invoking: ARM v7 Print Size'
arm-none-eabi-size phase5_AXI_LITE__.elf  |tee "phase5_AXI_LITE__.elf.size"
   text	   data	    bss	    dec	    hex	filename
  22077	   1144	  22568	  45789	   b2dd	phase5_AXI_LITE__.elf
'Finished building: phase5_AXI_LITE__.elf.size'
' '

17:00:09 Build Finished (took 2s.152ms)

