Nothing to build in platform 'zybo_platform'

13:37:06 **** Incremental Build of configuration Debug for project hello_world ****
make all 
make --no-print-directory pre-build
a9-linaro-pre-build-step
' '
make --no-print-directory main-build
'Building file: ../src/helloworld.c'
'Invoking: ARM v7 gcc compiler'
arm-none-eabi-gcc -Wall -O0 -g3 -c -fmessage-length=0 -MT"src/helloworld.o" -mcpu=cortex-a9 -mfpu=vfpv3 -mfloat-abi=hard -IC:/Users/019130137/workspace/zybo_platform/export/zybo_platform/sw/zybo_platform/standalone_domain/bspinclude/include -MMD -MP -MF"src/helloworld.d" -MT"src/helloworld.o" -o "src/helloworld.o" "../src/helloworld.c"
'Finished building: ../src/helloworld.c'
' '
'Building target: hello_world.elf'
'Invoking: ARM v7 gcc linker'
arm-none-eabi-gcc -mcpu=cortex-a9 -mfpu=vfpv3 -mfloat-abi=hard -Wl,-build-id=none -specs=Xilinx.spec -Wl,-T -Wl,../src/lscript.ld -LC:/Users/019130137/workspace/zybo_platform/export/zybo_platform/sw/zybo_platform/standalone_domain/bsplib/lib -o "hello_world.elf"  ./src/helloworld.o ./src/platform.o   -Wl,--start-group,-lxil,-lgcc,-lc,--end-group
'Finished building target: hello_world.elf'
' '
'Invoking: ARM v7 Print Size'
arm-none-eabi-size hello_world.elf  |tee "hello_world.elf.size"
   text	   data	    bss	    dec	    hex	filename
  52867	   2548	  22640	  78055	  130e7	hello_world.elf
'Finished building: hello_world.elf.size'
' '
13:37:09 **** Incremental Build of configuration Debug for project hello_world_system ****
make all 
Generating bif file for the system project
generate_system_bif.bat 51286 C:/Users/019130137/workspace/zybo_platform/export/zybo_platform/zybo_platform.xpfm standalone_domain C:/Users/019130137/workspace/hello_world_system/Debug/system.bif
sdcard_gen --xpfm C:/Users/019130137/workspace/zybo_platform/export/zybo_platform/zybo_platform.xpfm --sys_config zybo_platform --bif C:/Users/019130137/workspace/hello_world_system/Debug/system.bif --bitstream C:/Users/019130137/workspace/hello_world/_ide/bitstream/design_1_wrapper.bit --elf C:/Users/019130137/workspace/hello_world/Debug/hello_world.elf,ps7_cortexa9_0
creating BOOT.BIN using C:/Users/019130137/workspace/hello_world/_ide/bitstream/design_1_wrapper.bit
Running C:/Xilinx/Vitis/2021.1/bin/bootgen  -image C:/Users/019130137/workspace/hello_world_system/Debug/sd_card_temp/boot.bif -w -o i BOOT.BIN
